#
# There is insufficient memory for the Java Runtime Environment to continue.
# Native memory allocation (mmap) failed to map 262144000 bytes. Error detail: G1 virtual space
# Possible reasons:
#   The system is out of physical RAM or swap space
#   This process is running with CompressedOops enabled, and the Java Heap may be blocking the growth of the native heap
# Possible solutions:
#   Reduce memory load on the system
#   Increase physical memory or swap space
#   Check if swap backing store is full
#   Decrease Java heap size (-Xmx/-Xms)
#   Decrease number of Java threads
#   Decrease Java thread stack sizes (-Xss)
#   Set larger code cache with -XX:ReservedCodeCacheSize=
#   JVM is running with Zero Based Compressed Oops mode in which the Java heap is
#     placed in the first 32GB address space. The Java Heap base address is the
#     maximum limit for the native heap growth. Please use -XX:HeapBaseMinAddress
#     to set the Java Heap base and to place the Java Heap above 32GB virtual address.
# This output file may be truncated or incomplete.
#
#  Out of Memory Error (os_windows.cpp:3554), pid=18396, tid=22532
#
# JRE version:  (25.0.3+9) (build )
# Java VM: Java HotSpot(TM) 64-Bit Server VM (25.0.3+9-LTS-195, mixed mode, sharing, tiered, compressed oops, compressed class ptrs, g1 gc, windows-amd64)
# No core dump will be written. Minidumps are not enabled by default on client versions of Windows
#

---------------  S U M M A R Y ------------

Command Line: RecordClass

Host: Intel(R) Core(TM) i5-10310U CPU @ 1.70GHz, 8 cores, 15G,  Windows 11 , 64 bit Build 22621 (10.0.22621.3958)
Time: Thu Jul 16 16:39:05 2026 India Standard Time elapsed time: 0.031541 seconds (0d 0h 0m 0s)

---------------  T H R E A D  ---------------

Current thread (0x000001dee8b22330):  JavaThread "Unknown thread" [_thread_in_vm, id=22532, stack(0x000000a94c200000,0x000000a94c300000) (1024K)]

Stack: [0x000000a94c200000,0x000000a94c300000]
Native frames: (J=compiled Java code, j=interpreted, Vv=VM code, C=native code)
V  [jvm.dll+0x7a7d69]  (no source info available)
V  [jvm.dll+0x7739dd]  (no source info available)
V  [jvm.dll+0x9669f3]  (no source info available)
V  [jvm.dll+0x968ff1]  (no source info available)
V  [jvm.dll+0x969703]  (no source info available)
V  [jvm.dll+0x2fc9e6]  (no source info available)
V  [jvm.dll+0x7a3f95]  (no source info available)
V  [jvm.dll+0x7973a7]  (no source info available)
V  [jvm.dll+0x3f4e38]  (no source info available)
V  [jvm.dll+0x3fcd86]  (no source info available)
V  [jvm.dll+0x3e942e]  (no source info available)
V  [jvm.dll+0x3e96e8]  (no source info available)
V  [jvm.dll+0x3c0435]  (no source info available)
V  [jvm.dll+0x3c10be]  (no source info available)
V  [jvm.dll+0x92da97]  (no source info available)
V  [jvm.dll+0x4593d2]  (no source info available)
V  [jvm.dll+0x911442]  (no source info available)
V  [jvm.dll+0x4f9ef1]  (no source info available)
V  [jvm.dll+0x4fb781]  (no source info available)
C  [jli.dll+0x543e]  (no source info available)
C  [ucrtbase.dll+0x29333]  (no source info available)
C  [KERNEL32.DLL+0x1257d]  (no source info available)
C  [ntdll.dll+0x5af08]  (no source info available)

Lock stack of current Java thread (top to bottom):


---------------  P R O C E S S  ---------------

Threads class SMR info:
_java_thread_list=0x00007ffda32e6388, length=0, elements={
}

Java Threads: ( => current thread )
Total: 0

Other Threads:
  0x000001deeadf9d20 WorkerThread "GC Thread#0"                     [id=19220, stack(0x000000a94c300000,0x000000a94c400000) (1024K)]
  0x000001deeae12630 ConcurrentGCThread "G1 Main Marker"            [id=15472, stack(0x000000a94c400000,0x000000a94c500000) (1024K)]
  0x000001deeae13970 WorkerThread "G1 Conc#0"                       [id=1712, stack(0x000000a94c500000,0x000000a94c600000) (1024K)]

[error occurred during error reporting (printing all threads), id 0xc0000005, EXCEPTION_ACCESS_VIOLATION (0xc0000005) at pc=0x00007ffda29c53da]
VM state: not at safepoint (not fully initialized)

VM Mutex/Monitor currently owned by a thread:  ([mutex/lock_event])
[0x00007ffda336a788] Heap_lock - owner thread: 0x000001dee8b22330

Heap address: 0x0000000706200000, size: 3998 MB, Compressed Oops mode: Zero based, Oop shift amount: 3

CDS archive(s) mapped at: [0x0000000000000000-0x0000000000000000-0x0000000000000000), size 0, SharedBaseAddress: 0x0000000800000000, ArchiveRelocationMode: 1.
UseCompressedClassPointers 1, UseCompactObjectHeaders 0
Narrow klass pointer bits 32, Max shift 3
Narrow klass base: 0xffffffffffffffff, Narrow klass shift: -1
Encoding Range: [0xffffffffffffffff - 0x000000007fffffff), (2147483648 bytes)
Klass Range:    [0x0000000000000000 - 0x0000000000000000), (0 bytes)
Klass ID Range:  [4294967295 - 0) (1)
No protection zone.

GC Precious Log:
 CardTable entry size: 512
 Card Set container configuration: InlinePtr #cards 4 size 8 Array Of Cards #cards 16 size 48 Howl #buckets 8 coarsen threshold 3686 Howl Bitmap #cards 512 size 80 coarsen threshold 460 Card regions per heap region 1 cards per card region 4096

Heap:
 garbage-first heap   total reserved 4093952K, committed 0K, used 0K [0x0000000706200000, 0x0000000800000000)
  region size 2048K, 0 young (0K), 0 survivors (0K)

Heap Regions: E=young(eden), S=young(survivor), O=old, HS=humongous(starts), HC=humongous(continues), CS=collection set, F=free, TAMS=top-at-mark-start, PB=parsable bottom

Card table byte_map: [0x000001def4130000,0x000001def4900000] _byte_map_base: 0x000001def08ff000

Marking Bits: (CMBitMap*) 0x000001deeadfa4b0
 Bits: [0x000001def4900000, 0x000001def8778000)

GC Heap Usage History (0 events):
No events

Metaspace Usage History (0 events):
No events

Dll operation events (1 events):
Event: 0.021 Loaded shared library C:\Program Files\Java\jdk-25.0.3\bin\java.dll

Deoptimization events (0 events):
No events

Classes loaded (0 events):
No events

Classes unloaded (0 events):
No events

Classes redefined (0 events):
No events

Internal exceptions (0 events):
No events

VM Operations (0 events):
No events

Memory protections (0 events):
No events

Nmethod flushes (0 events):
No events

Events (0 events):
No events


Dynamic libraries:
0x00007ff722520000 - 0x00007ff722530000 	C:\Program Files\Java\jdk-25.0.3\bin\java.exe
0x00007ffe37d10000 - 0x00007ffe37f27000 	C:\Windows\SYSTEM32\ntdll.dll
0x00007ffe374b0000 - 0x00007ffe37574000 	C:\Windows\System32\KERNEL32.DLL
0x00007ffe35420000 - 0x00007ffe357d7000 	C:\Windows\System32\KERNELBASE.dll
0x00007ffe35920000 - 0x00007ffe35a31000 	C:\Windows\System32\ucrtbase.dll
0x00007ffe22c80000 - 0x00007ffe22c9e000 	C:\Program Files\Java\jdk-25.0.3\bin\VCRUNTIME140.dll
0x00007ffe17b40000 - 0x00007ffe17b57000 	C:\Program Files\Java\jdk-25.0.3\bin\jli.dll
0x00007ffe35f00000 - 0x00007ffe360af000 	C:\Windows\System32\USER32.dll
0x00007ffe357e0000 - 0x00007ffe35806000 	C:\Windows\System32\win32u.dll
0x00007ffe35c90000 - 0x00007ffe35cb9000 	C:\Windows\System32\GDI32.dll
0x00007ffe351c0000 - 0x00007ffe352d8000 	C:\Windows\System32\gdi32full.dll
0x00007ffe35810000 - 0x00007ffe358aa000 	C:\Windows\System32\msvcp_win.dll
0x00007ffe0f5e0000 - 0x00007ffe0f873000 	C:\Windows\WinSxS\amd64_microsoft.windows.common-controls_6595b64144ccf1df_6.0.22621.3672_none_2713b9d173822955\COMCTL32.dll
0x00007ffe36cf0000 - 0x00007ffe36d97000 	C:\Windows\System32\msvcrt.dll
0x00007ffe37c90000 - 0x00007ffe37cc1000 	C:\Windows\System32\IMM32.DLL
0x00007ffe2dd70000 - 0x00007ffe2dd7c000 	C:\Program Files\Java\jdk-25.0.3\bin\vcruntime140_1.dll
0x00007ffe053d0000 - 0x00007ffe0545d000 	C:\Program Files\Java\jdk-25.0.3\bin\msvcp140.dll
0x00007ffda25f0000 - 0x00007ffda3450000 	C:\Program Files\Java\jdk-25.0.3\bin\server\jvm.dll
0x00007ffe35cc0000 - 0x00007ffe35d72000 	C:\Windows\System32\ADVAPI32.dll
0x00007ffe35d80000 - 0x00007ffe35e28000 	C:\Windows\System32\sechost.dll
0x00007ffe35020000 - 0x00007ffe35048000 	C:\Windows\System32\bcrypt.dll
0x00007ffe36da0000 - 0x00007ffe36eb4000 	C:\Windows\System32\RPCRT4.dll
0x00007ffe37350000 - 0x00007ffe373c1000 	C:\Windows\System32\WS2_32.dll
0x00007ffe2fdb0000 - 0x00007ffe2fde4000 	C:\Windows\SYSTEM32\WINMM.dll
0x00007ffe34950000 - 0x00007ffe3499d000 	C:\Windows\SYSTEM32\POWRPROF.dll
0x00007ffe318d0000 - 0x00007ffe318da000 	C:\Windows\SYSTEM32\VERSION.dll
0x00007ffe34930000 - 0x00007ffe34943000 	C:\Windows\SYSTEM32\UMPDC.dll
0x00007ffe34030000 - 0x00007ffe34048000 	C:\Windows\SYSTEM32\kernel.appcore.dll
0x00007ffe2d710000 - 0x00007ffe2d71a000 	C:\Program Files\Java\jdk-25.0.3\bin\jimage.dll
0x00007ffe321e0000 - 0x00007ffe32412000 	C:\Windows\SYSTEM32\DBGHELP.DLL
0x00007ffe37840000 - 0x00007ffe37bce000 	C:\Windows\System32\combase.dll
0x00007ffe373d0000 - 0x00007ffe374a7000 	C:\Windows\System32\OLEAUT32.dll
0x00007ffdfce50000 - 0x00007ffdfce82000 	C:\Windows\SYSTEM32\dbgcore.DLL
0x00007ffe352e0000 - 0x00007ffe3535b000 	C:\Windows\System32\bcryptPrimitives.dll
0x00007ffe124f0000 - 0x00007ffe1250f000 	C:\Program Files\Java\jdk-25.0.3\bin\java.dll
0x00007ffe35ae0000 - 0x00007ffe35c85000 	C:\Windows\System32\ole32.dll
0x00007ffe360b0000 - 0x00007ffe36919000 	C:\Windows\System32\SHELL32.dll

JVMTI agents: none

dbghelp: loaded successfully - version: 4.0.5 - missing functions: none
symbol engine: initialized successfully - sym options: 0x614 - pdb path: .;C:\Program Files\Java\jdk-25.0.3\bin;C:\Windows\SYSTEM32;C:\Windows\WinSxS\amd64_microsoft.windows.common-controls_6595b64144ccf1df_6.0.22621.3672_none_2713b9d173822955;C:\Program Files\Java\jdk-25.0.3\bin\server

VM Arguments:
java_command: RecordClass
java_class_path (initial): .
Launcher Type: SUN_STANDARD

[Global flags]
     intx CICompilerCount                          = 4                                         {product} {ergonomic}
     uint ConcGCThreads                            = 2                                         {product} {ergonomic}
     uint G1ConcRefinementThreads                  = 8                                         {product} {ergonomic}
   size_t G1HeapRegionSize                         = 2097152                                   {product} {ergonomic}
   size_t InitialHeapSize                          = 262144000                                 {product} {ergonomic}
   size_t MarkStackSize                            = 4194304                                   {product} {ergonomic}
   size_t MarkStackSizeMax                         = 536870912                                 {product} {ergonomic}
   size_t MaxHeapSize                              = 4192206848                                {product} {ergonomic}
   size_t MinHeapDeltaBytes                        = 2097152                                   {product} {ergonomic}
   size_t MinHeapSize                              = 8388608                                   {product} {ergonomic}
    uintx NonNMethodCodeHeapSize                   = 5832704                                {pd product} {ergonomic}
    uintx NonProfiledCodeHeapSize                  = 122945536                              {pd product} {ergonomic}
    uintx ProfiledCodeHeapSize                     = 122880000                              {pd product} {ergonomic}
    uintx ReservedCodeCacheSize                    = 251658240                              {pd product} {ergonomic}
     bool SegmentedCodeCache                       = true                                      {product} {ergonomic}
   size_t SoftMaxHeapSize                          = 4192206848                             {manageable} {ergonomic}
     bool UseCompressedOops                        = true                           {product lp64_product} {ergonomic}
     bool UseG1GC                                  = true                                      {product} {ergonomic}
     bool UseLargePagesIndividualAllocation        = false                                  {pd product} {ergonomic}

Logging:
Log output configuration:
 #0: stdout all=warning uptime,level,tags foldmultilines=false
 #1: stderr all=off uptime,level,tags foldmultilines=false

Release file:
<release file has not been read>
Environment Variables:
PATH=C:\Program Files\Common Files\Oracle\Java\javapath;C:\Windows\system32;C:\Windows;C:\Windows\System32\Wbem;C:\Windows\System32\WindowsPowerShell\v1.0\;C:\Windows\System32\OpenSSH\;search-ms:displayname=Search%20Results%20in%20Local%20Disk%20(C%3A)&crumb=location:C%3A%5C\GCC;C:\Users\SAINATH\Downloads\gcc-14.2.0-no-debug.7z\bin;C:\Users\SAINATH\Downloads\gcc-14.2.0-no-debug.7z;C:\Users\SAINATH\Downloads\gcc-14.2.0-no-debug.7z\lib64\gcc\x86_64-w64-mingw32\14.2.0\include;C:\MinGW\bin;C:\MinGW;C:\Program Files\dotnet\;C:\Program Files\nodejs\;C:\Program Files\Git\cmd;C:\Program Files\Git\mingw64\bin;C:\Program Files\Git\usr\bin;C:\Users\SAINATH\AppData\Local\Programs\Python\Launcher\;C:\Users\SAINATH\AppData\Local\Programs\Python\Python312\Scripts\;C:\Users\SAINATH\AppData\Local\Programs\Python\Python312\;C:\Users\SAINATH\AppData\Local\Microsoft\WindowsApps;C:\Users\SAINATH\AppData\Local\Programs\Microsoft VS Code\bin;C:\ProgramData\SAINATH\GitHubDesktop\bin;C:\Program Files\JetBrains\IntelliJ IDEA Community Edition 2025.2\bin;C:\Users\SAINATH\AppData\Roaming\npm
USERNAME=SAINATH
LANG=en_US.UTF-8
OS=Windows_NT
PROCESSOR_IDENTIFIER=Intel64 Family 6 Model 142 Stepping 12, GenuineIntel
TMP=C:\Users\SAINATH\AppData\Local\Temp
TEMP=C:\Users\SAINATH\AppData\Local\Temp




Compilation memory statistics disabled.

Periodic native trim disabled

---------------  S Y S T E M  ---------------

OS:
 Windows 11 , 64 bit Build 22621 (10.0.22621.3958)
OS uptime: 31 days 4:11 hours
Hyper-V role detected

CPU: total 8 (initial active 8) (4 cores per cpu, 2 threads per core) family 6 model 142 stepping 12 microcode 0xfc, cx8, cmov, fxsr, ht, mmx, 3dnowpref, sse, sse2, sse3, ssse3, sse4.1, sse4.2, popcnt, lzcnt, tsc, tscinvbit, avx, avx2, aes, erms, clmul, bmi1, bmi2, adx, fma, vzeroupper, clflush, clflushopt, hv, rdtscp, f16c
Processor Information for the first 8 processors :
  Max Mhz: 2208, Current Mhz: 1706, Mhz Limit: 1700

Memory: 4k page, system-wide physical 15984M (4912M free)
TotalPageFile size 28381M (AvailPageFile size 230M)
current process WorkingSet (physical memory assigned to process): 13M, peak: 13M
current process commit charge ("private bytes"): 61M, peak: 310M

vm_info: Java HotSpot(TM) 64-Bit Server VM (25.0.3+9-LTS-195) for windows-amd64 JRE (25.0.3+9-LTS-195), built on 2026-03-11T00:20:00Z with MS VC++ 17.13 (VS2022)

END.
